

***********************************************************************
Fatal NI connect error 12203, connecting to:
 (DESCRIPTION=(ADDRESS=(PROTOCOL=TCP)(HOST=192.168.0.208)(PORT=1521))(CONNECT_DATA=(SERVER=DEDICATED)(SERVICE_NAME=bank)(CID=(PROGRAM=C:\orant\bin\ifrun60.EXE)(HOST=GALAL)(USER=hp?zbook))))

  VERSION INFORMATION:
	TNS for 32-bit Windows: Version 8.0.6.0.0 - Production
	Windows NT TCP/IP NT Protocol Adapter for 32-bit Windows: Version 8.0.6.0.0 - Production
  Time: 08-08-26 00:06:22
  Tracing not turned on.
  Tns error struct:
    nr err code: 12203
    TNS-12203: TNS:·„ Ì „ «· „ﬂ‰ „‰ «·« ’«· »«·ÊÃÂ… «·„Õœœ…
    ns main err code: 12535
    TNS-12535: TNS:«‰ ÂÏ «·Êﬁ  «·„Õœœ ··⁄„·Ì…
    ns secondary err code: 12560
    nt main err code: 505
    TNS-00505: «‰ ÂÏ Êﬁ  Â–Â «·⁄„·Ì…
    nt secondary err code: 60
    nt OS err code: 0


***********************************************************************
Fatal NI connect error 12203, connecting to:
 (DESCRIPTION=(ADDRESS=(PROTOCOL=TCP)(HOST=192.168.0.208)(PORT=1521))(CONNECT_DATA=(SERVER=DEDICATED)(SERVICE_NAME=bank)(CID=(PROGRAM=C:\orant\bin\ifrun60.EXE)(HOST=GALAL)(USER=hp?zbook))))

  VERSION INFORMATION:
	TNS for 32-bit Windows: Version 8.0.6.0.0 - Production
	Windows NT TCP/IP NT Protocol Adapter for 32-bit Windows: Version 8.0.6.0.0 - Production
  Time: 08-08-26 00:14:10
  Tracing not turned on.
  Tns error struct:
    nr err code: 12203
    TNS-12203: TNS:·„ Ì „ «· „ﬂ‰ „‰ «·« ’«· »«·ÊÃÂ… «·„Õœœ…
    ns main err code: 12535
    TNS-12535: TNS:«‰ ÂÏ «·Êﬁ  «·„Õœœ ··⁄„·Ì…
    ns secondary err code: 12560
    nt main err code: 505
    TNS-00505: «‰ ÂÏ Êﬁ  Â–Â «·⁄„·Ì…
    nt secondary err code: 60
    nt OS err code: 0


***********************************************************************
Fatal NI connect error 12203, connecting to:
 (DESCRIPTION=(ADDRESS_LIST=(ADDRESS=(PROTOCOL=BEQ)(PROGRAM=oracle80)(ARGV0=oracle80ORCL)(ARGS='(DESCRIPTION=(LOCAL=YES)(ADDRESS=(PROTOCOL=beq)))')))(CONNECT_DATA=(SID=ORCL)(CID=(PROGRAM=C:\orant\bin\ifrun60.EXE)(HOST=GALAL)(USER=hp?zbook))))

  VERSION INFORMATION:
	TNS for 32-bit Windows: Version 8.0.6.0.0 - Production
	Oracle Bequeath NT Protocol Adapter for 32-bit Windows: Version 8.0.6.0.0 - Production
  Time: 08-08-26 00:15:12
  Tracing not turned on.
  Tns error struct:
    nr err code: 12203
    TNS-12203: TNS:·„ Ì „ «· „ﬂ‰ „‰ «·« ’«· »«·ÊÃÂ… «·„Õœœ…
    ns main err code: 12560
    TNS-12560: TNS:ÌÊÃœ Œÿ√ ›Ì „Ê›ﬁ «·»—Ê ÊﬂÊ·
    ns secondary err code: 0
    nt main err code: 530
    TNS-00530: ÌÊÃœ Œÿ√ ›Ì „Ê›ﬁ «·»—Ê ÊﬂÊ·
    nt secondary err code: 0
    nt OS err code: 0


***********************************************************************
Fatal NI connect error 12203, connecting to:
 (DESCRIPTION=(ADDRESS_LIST=(ADDRESS=(PROTOCOL=BEQ)(PROGRAM=oracle80)(ARGV0=oracle80ORCL)(ARGS='(DESCRIPTION=(LOCAL=YES)(ADDRESS=(PROTOCOL=beq)))')))(CONNECT_DATA=(SID=ORCL)(CID=(PROGRAM=C:\orant\bin\ifrun60.EXE)(HOST=GALAL)(USER=hp?zbook))))

  VERSION INFORMATION:
	TNS for 32-bit Windows: Version 8.0.6.0.0 - Production
	Oracle Bequeath NT Protocol Adapter for 32-bit Windows: Version 8.0.6.0.0 - Production
  Time: 08-08-26 00:15:15
  Tracing not turned on.
  Tns error struct:
    nr err code: 12203
    TNS-12203: TNS:·„ Ì „ «· „ﬂ‰ „‰ «·« ’«· »«·ÊÃÂ… «·„Õœœ…
    ns main err code: 12560
    TNS-12560: TNS:ÌÊÃœ Œÿ√ ›Ì „Ê›ﬁ «·»—Ê ÊﬂÊ·
    ns secondary err code: 0
    nt main err code: 530
    TNS-00530: ÌÊÃœ Œÿ√ ›Ì „Ê›ﬁ «·»—Ê ÊﬂÊ·
    nt secondary err code: 0
    nt OS err code: 0


***********************************************************************
Fatal NI connect error 12203, connecting to:
 (DESCRIPTION=(ADDRESS_LIST=(ADDRESS=(PROTOCOL=BEQ)(PROGRAM=oracle80)(ARGV0=oracle80ORCL)(ARGS='(DESCRIPTION=(LOCAL=YES)(ADDRESS=(PROTOCOL=beq)))')))(CONNECT_DATA=(SID=ORCL)(CID=(PROGRAM=C:\orant\bin\ifrun60.EXE)(HOST=GALAL)(USER=hp?zbook))))

  VERSION INFORMATION:
	TNS for 32-bit Windows: Version 8.0.6.0.0 - Production
	Oracle Bequeath NT Protocol Adapter for 32-bit Windows: Version 8.0.6.0.0 - Production
  Time: 08-08-26 00:15:18
  Tracing not turned on.
  Tns error struct:
    nr err code: 12203
    TNS-12203: TNS:·„ Ì „ «· „ﬂ‰ „‰ «·« ’«· »«·ÊÃÂ… «·„Õœœ…
    ns main err code: 12560
    TNS-12560: TNS:ÌÊÃœ Œÿ√ ›Ì „Ê›ﬁ «·»—Ê ÊﬂÊ·
    ns secondary err code: 0
    nt main err code: 530
    TNS-00530: ÌÊÃœ Œÿ√ ›Ì „Ê›ﬁ «·»—Ê ÊﬂÊ·
    nt secondary err code: 0
    nt OS err code: 0


***********************************************************************
Fatal NI connect error 12203, connecting to:
 (DESCRIPTION=(ADDRESS_LIST=(ADDRESS=(PROTOCOL=BEQ)(PROGRAM=oracle80)(ARGV0=oracle80ORCL)(ARGS='(DESCRIPTION=(LOCAL=YES)(ADDRESS=(PROTOCOL=beq)))')))(CONNECT_DATA=(SID=ORCL)(CID=(PROGRAM=C:\orant\bin\ifrun60.EXE)(HOST=GALAL)(USER=hp?zbook))))

  VERSION INFORMATION:
	TNS for 32-bit Windows: Version 8.0.6.0.0 - Production
	Oracle Bequeath NT Protocol Adapter for 32-bit Windows: Version 8.0.6.0.0 - Production
  Time: 08-08-26 00:15:42
  Tracing not turned on.
  Tns error struct:
    nr err code: 12203
    TNS-12203: TNS:·„ Ì „ «· „ﬂ‰ „‰ «·« ’«· »«·ÊÃÂ… «·„Õœœ…
    ns main err code: 12560
    TNS-12560: TNS:ÌÊÃœ Œÿ√ ›Ì „Ê›ﬁ «·»—Ê ÊﬂÊ·
    ns secondary err code: 0
    nt main err code: 530
    TNS-00530: ÌÊÃœ Œÿ√ ›Ì „Ê›ﬁ «·»—Ê ÊﬂÊ·
    nt secondary err code: 0
    nt OS err code: 0


***********************************************************************
Fatal NI connect error 12203, connecting to:
 (DESCRIPTION=(ADDRESS_LIST=(ADDRESS=(PROTOCOL=BEQ)(PROGRAM=oracle80)(ARGV0=oracle80ORCL)(ARGS='(DESCRIPTION=(LOCAL=YES)(ADDRESS=(PROTOCOL=beq)))')))(CONNECT_DATA=(SID=ORCL)(CID=(PROGRAM=C:\orant\bin\ifrun60.EXE)(HOST=GALAL)(USER=hp?zbook))))

  VERSION INFORMATION:
	TNS for 32-bit Windows: Version 8.0.6.0.0 - Production
	Oracle Bequeath NT Protocol Adapter for 32-bit Windows: Version 8.0.6.0.0 - Production
  Time: 08-08-26 00:15:44
  Tracing not turned on.
  Tns error struct:
    nr err code: 12203
    TNS-12203: TNS:·„ Ì „ «· „ﬂ‰ „‰ «·« ’«· »«·ÊÃÂ… «·„Õœœ…
    ns main err code: 12560
    TNS-12560: TNS:ÌÊÃœ Œÿ√ ›Ì „Ê›ﬁ «·»—Ê ÊﬂÊ·
    ns secondary err code: 0
    nt main err code: 530
    TNS-00530: ÌÊÃœ Œÿ√ ›Ì „Ê›ﬁ «·»—Ê ÊﬂÊ·
    nt secondary err code: 0
    nt OS err code: 0
